top - 09:56:39 up 11:35,  1 user,  load average: 0,64, 0,60, 0,62
Tasks: 1 total, 0 running, 1 sleep, 0 d-sleep, 0 stopped, 0 zombie
%Cpu(s): 19,0 us,  3,2 sy,  0,0 ni, 73,0 id,  1,6 wa,  1,6 hi,  1,6 si,  0,0 st 
MiB Mem :   7305,8 total,    203,8 free,   6274,0 used,   1221,8 buff/cache     
MiB Swap:   4096,0 total,   1037,3 free,   3058,7 used.   1031,9 avail Mem 

    PID USER      PR  NI    VIRT    RES    SHR S  %CPU  %MEM     TIME+ COMMAND
  42961 pmpknu    20   0   99916   2576   1536 S   0,0   0,0   0:00.00 app

top - 09:56:40 up 11:35,  1 user,  load average: 0,64, 0,60, 0,62
Tasks: 1 total, 0 running, 1 sleep, 0 d-sleep, 0 stopped, 0 zombie
%Cpu(s):  5,3 us,  2,4 sy,  0,0 ni, 91,6 id,  0,0 wa,  0,5 hi,  0,2 si,  0,0 st 
MiB Mem :   7305,8 total,    203,8 free,   6274,0 used,   1221,8 buff/cache     
MiB Swap:   4096,0 total,   1037,3 free,   3058,7 used.   1031,9 avail Mem 

    PID USER      PR  NI    VIRT    RES    SHR S  %CPU  %MEM     TIME+ COMMAND
  42961 pmpknu    20   0   99916   2576   1536 S   0,0   0,0   0:00.00 app

top - 09:56:41 up 11:36,  1 user,  load average: 0,64, 0,60, 0,62
Tasks: 1 total, 0 running, 1 sleep, 0 d-sleep, 0 stopped, 0 zombie
%Cpu(s):  3,1 us,  0,7 sy,  0,0 ni, 95,4 id,  0,3 wa,  0,3 hi,  0,2 si,  0,0 st 
MiB Mem :   7305,8 total,    203,8 free,   6274,0 used,   1221,8 buff/cache     
MiB Swap:   4096,0 total,   1037,3 free,   3058,7 used.   1031,9 avail Mem 

    PID USER      PR  NI    VIRT    RES    SHR S  %CPU  %MEM     TIME+ COMMAND
  42961 pmpknu    20   0   99916   2576   1536 S   0,0   0,0   0:00.00 app

top - 09:56:42 up 11:36,  1 user,  load average: 0,64, 0,60, 0,62
Tasks: 1 total, 0 running, 1 sleep, 0 d-sleep, 0 stopped, 0 zombie
%Cpu(s):  1,5 us,  1,4 sy,  0,0 ni, 96,6 id,  0,2 wa,  0,3 hi,  0,0 si,  0,0 st 
MiB Mem :   7305,8 total,    195,9 free,   6281,4 used,   1219,1 buff/cache     
MiB Swap:   4096,0 total,   1039,3 free,   3056,7 used.   1024,4 avail Mem 

    PID USER      PR  NI    VIRT    RES    SHR S  %CPU  %MEM     TIME+ COMMAND
  42961 pmpknu    20   0   99916   2576   1536 S   0,0   0,0   0:00.00 app

top - 09:56:43 up 11:36,  1 user,  load average: 0,64, 0,60, 0,62
Tasks: 1 total, 0 running, 1 sleep, 0 d-sleep, 0 stopped, 0 zombie
%Cpu(s):  1,7 us,  1,2 sy,  0,0 ni, 96,6 id,  0,0 wa,  0,3 hi,  0,2 si,  0,0 st 
MiB Mem :   7305,8 total,    195,9 free,   6281,4 used,   1219,1 buff/cache     
MiB Swap:   4096,0 total,   1039,3 free,   3056,7 used.   1024,4 avail Mem 

    PID USER      PR  NI    VIRT    RES    SHR S  %CPU  %MEM     TIME+ COMMAND
  42961 pmpknu    20   0   99916   2576   1536 S   0,0   0,0   0:00.00 app

top - 09:56:44 up 11:36,  1 user,  load average: 0,67, 0,61, 0,62
Tasks: 1 total, 0 running, 1 sleep, 0 d-sleep, 0 stopped, 0 zombie
%Cpu(s):  6,8 us,  3,7 sy,  0,0 ni, 88,2 id,  0,5 wa,  0,5 hi,  0,3 si,  0,0 st 
MiB Mem :   7305,8 total,    195,9 free,   6281,4 used,   1219,1 buff/cache     
MiB Swap:   4096,0 total,   1039,3 free,   3056,7 used.   1024,4 avail Mem 

    PID USER      PR  NI    VIRT    RES    SHR S  %CPU  %MEM     TIME+ COMMAND
  42961 pmpknu    20   0   99916   2576   1536 S   1,0   0,0   0:00.01 app

top - 09:56:45 up 11:36,  1 user,  load average: 0,67, 0,61, 0,62
Tasks: 1 total, 0 running, 1 sleep, 0 d-sleep, 0 stopped, 0 zombie
%Cpu(s):  1,9 us,  0,7 sy,  0,0 ni, 96,8 id,  0,2 wa,  0,5 hi,  0,0 si,  0,0 st 
MiB Mem :   7305,8 total,    202,0 free,   6279,7 used,   1221,9 buff/cache     
MiB Swap:   4096,0 total,   1029,8 free,   3066,2 used.   1026,1 avail Mem 

    PID USER      PR  NI    VIRT    RES    SHR S  %CPU  %MEM     TIME+ COMMAND
  42961 pmpknu    20   0   99916   2576   1536 S   0,0   0,0   0:00.01 app

top - 09:56:46 up 11:36,  1 user,  load average: 0,67, 0,61, 0,62
Tasks: 1 total, 0 running, 1 sleep, 0 d-sleep, 0 stopped, 0 zombie
%Cpu(s): 13,8 us,  0,3 sy,  0,0 ni, 85,4 id,  0,0 wa,  0,3 hi,  0,2 si,  0,0 st 
MiB Mem :   7305,8 total,    202,0 free,   6279,7 used,   1221,9 buff/cache     
MiB Swap:   4096,0 total,   1029,8 free,   3066,2 used.   1026,1 avail Mem 

    PID USER      PR  NI    VIRT    RES    SHR S  %CPU  %MEM     TIME+ COMMAND
  42961 pmpknu    20   0   99916   2576   1536 S   0,0   0,0   0:00.01 app

top - 09:56:47 up 11:36,  1 user,  load average: 0,67, 0,61, 0,62
Tasks: 1 total, 0 running, 1 sleep, 0 d-sleep, 0 stopped, 0 zombie
%Cpu(s):  1,7 us,  0,8 sy,  0,0 ni, 96,5 id,  0,5 wa,  0,3 hi,  0,2 si,  0,0 st 
MiB Mem :   7305,8 total,    202,0 free,   6279,7 used,   1221,9 buff/cache     
MiB Swap:   4096,0 total,   1029,8 free,   3066,2 used.   1026,1 avail Mem 

    PID USER      PR  NI    VIRT    RES    SHR S  %CPU  %MEM     TIME+ COMMAND
  42961 pmpknu    20   0   99916   2576   1536 S   0,0   0,0   0:00.01 app

top - 09:56:48 up 11:36,  1 user,  load average: 0,67, 0,61, 0,62
Tasks: 1 total, 0 running, 1 sleep, 0 d-sleep, 0 stopped, 0 zombie
%Cpu(s):  1,0 us,  0,5 sy,  0,0 ni, 98,0 id,  0,2 wa,  0,3 hi,  0,0 si,  0,0 st 
MiB Mem :   7305,8 total,    225,3 free,   6256,4 used,   1214,7 buff/cache     
MiB Swap:   4096,0 total,   1030,6 free,   3065,4 used.   1049,4 avail Mem 

    PID USER      PR  NI    VIRT    RES    SHR S  %CPU  %MEM     TIME+ COMMAND
  42961 pmpknu    20   0   99916   2576   1536 S   0,0   0,0   0:00.01 app

top - 09:56:49 up 11:36,  1 user,  load average: 0,62, 0,60, 0,62
Tasks: 1 total, 0 running, 1 sleep, 0 d-sleep, 0 stopped, 0 zombie
%Cpu(s):  1,2 us,  0,7 sy,  0,0 ni, 97,3 id,  0,2 wa,  0,5 hi,  0,2 si,  0,0 st 
MiB Mem :   7305,8 total,    225,3 free,   6256,4 used,   1214,7 buff/cache     
MiB Swap:   4096,0 total,   1030,6 free,   3065,4 used.   1049,4 avail Mem 

    PID USER      PR  NI    VIRT    RES    SHR S  %CPU  %MEM     TIME+ COMMAND
  42961 pmpknu    20   0   99916   2576   1536 S   0,0   0,0   0:00.01 app

top - 09:56:50 up 11:36,  1 user,  load average: 0,62, 0,60, 0,62
Tasks: 1 total, 0 running, 1 sleep, 0 d-sleep, 0 stopped, 0 zombie
%Cpu(s):  2,9 us,  0,3 sy,  0,0 ni, 96,3 id,  0,0 wa,  0,3 hi,  0,2 si,  0,0 st 
MiB Mem :   7305,8 total,    225,3 free,   6256,4 used,   1214,7 buff/cache     
MiB Swap:   4096,0 total,   1030,6 free,   3065,4 used.   1049,4 avail Mem 

    PID USER      PR  NI    VIRT    RES    SHR S  %CPU  %MEM     TIME+ COMMAND
  42961 pmpknu    20   0   99916   2576   1536 S   0,0   0,0   0:00.01 app

top - 09:56:51 up 11:36,  1 user,  load average: 0,62, 0,60, 0,62
Tasks: 1 total, 0 running, 1 sleep, 0 d-sleep, 0 stopped, 0 zombie
%Cpu(s):  3,3 us,  0,9 sy,  0,0 ni, 94,9 id,  0,3 wa,  0,5 hi,  0,2 si,  0,0 st 
MiB Mem :   7305,8 total,    225,6 free,   6255,3 used,   1221,4 buff/cache     
MiB Swap:   4096,0 total,   1030,8 free,   3065,2 used.   1050,5 avail Mem 

    PID USER      PR  NI    VIRT    RES    SHR S  %CPU  %MEM     TIME+ COMMAND
  42961 pmpknu    20   0   99916   2576   1536 S   0,0   0,0   0:00.01 app

top - 09:56:52 up 11:36,  1 user,  load average: 0,62, 0,60, 0,62
Tasks: 1 total, 0 running, 1 sleep, 0 d-sleep, 0 stopped, 0 zombie
%Cpu(s):  2,0 us,  1,4 sy,  0,0 ni, 95,8 id,  0,3 wa,  0,3 hi,  0,2 si,  0,0 st 
MiB Mem :   7305,8 total,    225,6 free,   6255,3 used,   1221,4 buff/cache     
MiB Swap:   4096,0 total,   1030,8 free,   3065,2 used.   1050,5 avail Mem 

    PID USER      PR  NI    VIRT    RES    SHR S  %CPU  %MEM     TIME+ COMMAND
  42961 pmpknu    20   0   99916   2576   1536 S   0,0   0,0   0:00.01 app

top - 09:56:53 up 11:36,  1 user,  load average: 0,62, 0,60, 0,62
Tasks: 1 total, 0 running, 1 sleep, 0 d-sleep, 0 stopped, 0 zombie
%Cpu(s):  1,2 us,  0,8 sy,  0,0 ni, 97,1 id,  0,2 wa,  0,5 hi,  0,2 si,  0,0 st 
MiB Mem :   7305,8 total,    225,6 free,   6255,3 used,   1221,4 buff/cache     
MiB Swap:   4096,0 total,   1030,8 free,   3065,2 used.   1050,5 avail Mem 

    PID USER      PR  NI    VIRT    RES    SHR S  %CPU  %MEM     TIME+ COMMAND
  42961 pmpknu    20   0   99916   2576   1536 S   0,0   0,0   0:00.01 app
